
=== RUN CONFIG A ===
Updated 2 paths from the index
--- Iteration 1 of config A ---


=== RUNNING SCENARIO: A-1 ===
Killing old servers on 3001...
Building...

> kravy-pos@0.1.0 build
> prisma generate && next build

Environment variables loaded from .env
Prisma schema loaded from prisma/schema.prisma

✔ Generated Prisma Client (v6.1.0) to ./node_modules/@prisma/client in 4.45s

Start by importing your Prisma Client (See: https://pris.ly/d/importing-client)

Tip: Easily identify and fix slow SQL queries in your app. Optimize helps you enhance your visibility: https://pris.ly/--optimize

   ▲ Next.js 15.3.8
   - Environments: .env

   Creating an optimized production build ...
<w> [webpack.cache.PackFileCacheStrategy] Caching failed for pack: Error: ENOSPC: no space left on device, write
<w> [webpack.cache.PackFileCacheStrategy] Caching failed for pack: Error: ENOSPC: no space left on device, write
Failed to compile.

Error: ENOSPC: no space left on device, write


> Build failed because of webpack errors
Starting Server...
Running Playwright Benchmark...
=== STRICT BENCHMARK: A-1 ===
Running iteration 1...
Navigating to page...
>> GET http://localhost:3001/dashboard/menu/view
Iteration 1 failed: page.goto: net::ERR_CONNECTION_REFUSED at http://localhost:3001/dashboard/menu/view
Call log:
  - navigating to "http://localhost:3001/dashboard/menu/view", waiting until "domcontentloaded"

Running iteration 2...
Navigating to page...
>> GET http://localhost:3001/dashboard/menu/view
Iteration 2 failed: page.goto: net::ERR_CONNECTION_REFUSED at http://localhost:3001/dashboard/menu/view
Call log:
  - navigating to "http://localhost:3001/dashboard/menu/view", waiting until "domcontentloaded"

Running iteration 3...
Navigating to page...
>> GET http://localhost:3001/dashboard/menu/view
Iteration 3 failed: page.goto: net::ERR_CONNECTION_REFUSED at http://localhost:3001/dashboard/menu/view
Call log:
  - navigating to "http://localhost:3001/dashboard/menu/view", waiting until "domcontentloaded"

=== DONE ===

Killing Server...
Updated 2 paths from the index
Updated 2 paths from the index
=== ALL DONE ===
